 AS V1.42 Beta [Bld 137] - source file KZ80_YM2151.ASM - page 1 - 2019/04/28 15時23分57秒


       1/       0 :                     ;
       2/       0 :                     ; YM2151 VGM PLAY FOR KZ80
       3/       0 :                     ;
       4/       0 : =9000H              MUSIC	EQU	9000H
       5/       0 : =40H                OPM_ADDR	EQU	040H
       6/       0 : =41H                OPM_DATA	EQU	041H
       7/       0 :                     ;
       8/    8100 :                     	ORG	8100H
       9/    8100 :                     ;
      10/    8100 : C3 03 81            	JP	MAIN	
      11/    8103 :                     ;
      12/    8103 :                     MAIN:
      13/    8103 : CD 07 81            	CALL	MAIN1
      14/    8106 :                     ;
      15/    8106 : C9                  	RET	; PGM END
      16/    8107 :                     ;
      17/    8107 :                     MAIN1:
      18/    8107 : 21 00 90            	LD	HL,MUSIC
      19/    810A :                     LOOP:
      20/    810A : 7E                  	LD	A,(HL)	; GET COMMAND
      21/    810B : FE 54               	CP	054H
      22/    810D : CA 36 81            	JP	Z,PLAY
      23/    8110 : FE 61               	CP	061H
      24/    8112 : CA 4B 81            	JP	Z,WAIT1
      25/    8115 : FE 62               	CP	062H
      26/    8117 : CA 55 81            	JP	Z,WAIT2
      27/    811A : FE 63               	CP	063H
      28/    811C : CA 5E 81            	JP	Z,WAIT3
      29/    811F : FE 64               	CP	064H
      30/    8121 : CA 5E 81            	JP	Z,WAIT3
      31/    8124 : FE 66               	CP	066H
      32/    8126 : CA 35 81            	JP	Z,END_RTN
      33/    8129 :                     ;
      34/    8129 : FE 70               	CP	70H
      35/    812B : CA 6C 81            	JP	Z,WAIT4
      36/    812E : C2 67 81            	JP	NZ,CHK_WAIT
      37/    8131 :                     NEXT:
      38/    8131 : 23                  	INC	HL
      39/    8132 : C3 0A 81            	JP	LOOP
      40/    8135 :                     ;
      41/    8135 :                     END_RTN:
      42/    8135 : C9                  	RET	; GOTO MAIN	
      43/    8136 :                     ;
      44/    8136 :                     PLAY:
      45/    8136 : 23                  	INC 	HL
      46/    8137 : 56                  	LD 	D,(HL)
      47/    8138 : 23                  	INC 	HL
      48/    8139 : 5E                  	LD 	E,(HL)
      49/    813A :                     WRITEOPN:
      50/    813A :                     ; STATUS CHECK WAIT
      51/    813A : DB 41               	IN  A,(OPM_DATA)
      52/    813C : 07                  	RLCA
      53/    813D : 38 FB               	JR      C,WRITEOPN
      54/    813F :                     ; REG OUT
      55/    813F : 7A                  	LD      A,D
      56/    8140 : D3 40               	OUT     (OPM_ADDR),A
      57/    8142 : DD 7E 00            	LD      A,(IX+0)        ;DUMMY
      58/    8145 :                     ; DATA OUT
      59/    8145 : 7B                  	LD      A,E
      60/    8146 : D3 41               	OUT     (OPM_DATA),A
 AS V1.42 Beta [Bld 137] - source file KZ80_YM2151.ASM - page 2 - 2019/04/28 15時23分57秒


      61/    8148 : C3 31 81            	JP 	NEXT
      62/    814B :                     ;
      63/    814B :                     WAIT1:
      64/    814B : 23                  	INC	HL
      65/    814C : 5E                  	LD	E,(HL)
      66/    814D : 23                  	INC	HL
      67/    814E : 56                  	LD	D,(HL)
      68/    814F : CD 78 81            	CALL	WAIT
      69/    8152 : C3 31 81            	JP NEXT
      70/    8155 :                     ;
      71/    8155 :                     WAIT2:
      72/    8155 : 11 DF 02            	LD	DE,735	
      73/    8158 : CD 78 81            	CALL	WAIT
      74/    815B : C3 31 81            	JP 	NEXT
      75/    815E :                     ;
      76/    815E :                     WAIT3:
      77/    815E : 11 72 03            	LD 	DE,882
      78/    8161 : CD 78 81            	CALL 	WAIT
      79/    8164 : C3 31 81            	JP 	NEXT
      80/    8167 :                     ;
      81/    8167 :                     CHK_WAIT:
      82/    8167 : FE 80               	CP	80H
      83/    8169 : D2 31 81            	JP	NC,NEXT
      84/    816C :                     WAIT4:
      85/    816C : E6 0F               	AND	0FH
      86/    816E : 3C                  	INC	A
      87/    816F : 16 00               	LD 	D,0
      88/    8171 : 5F                  	LD	E,A
      89/    8172 : CD 78 81            	CALL	WAIT
      90/    8175 : C3 31 81            	JP 	NEXT
      91/    8178 :                     ;  
      92/    8178 :                     WAIT:	
      93/    8178 : CD 81 81            	CALL	WAIT1MS	
      94/    817B : 1B                  	DEC	DE		
      95/    817C : 7A                  	LD	A,D
      96/    817D : B3                  	OR	E
      97/    817E : 20 F8               	JR	NZ,WAIT
      98/    8180 : C9                  	RET		
      99/    8181 :                     ; 
     100/    8181 :                     WAIT1MS:	
     101/    8181 : 01 03 00            	LD	BC,3		 
     102/    8184 :                     WAIT1MSLOOP:
     103/    8184 : 0B                  	DEC	BC
     104/    8185 : 00                  	NOP		;DUMMY (clock 4)
     105/    8186 : 00                  	NOP		;DUMMY (clock 4)
     106/    8187 : 79                  	LD	A,C
     107/    8188 : B0                  	OR	B
     108/    8189 : 20 F9               	JR	NZ,WAIT1MSLOOP
     109/    818B : C9                  	RET
     110/    818C :                     ;
     111/    818C :                     END
     112/    818C :                     
     113/    818C :                     
 AS V1.42 Beta [Bld 137] - source file KZ80_YM2151.ASM - page 3 - 2019/04/28 15時23分57秒


  symbol table (* = unused):
  ------------------------

*ARCHITECTURE :    x86_64-apple-osx - | *BIGENDIAN :                      0 - |
*BRANCHEXT :                      0 - | *CASESENSITIVE :                  0 - |
 CHK_WAIT :                    8167 C | *CONSTPI :        3.141592653589793 - |
*DATE :                  2019/04/28 - | *END :                         818C C |
 END_RTN :                     8135 C | *FALSE :                          0 - |
*FULLPMMU :                       1 - | *HAS64 :                          1 - |
*HASDSP :                         0 - | *HASFPU :                         0 - |
*HASPMMU :                        0 - | *INEXTMODE :                      0 - |
*INLWORDMODE :                    0 - | *INMAXMODE :                      0 - |
*INSRCMODE :                      0 - | *INSUPMODE :                      0 - |
*LISTON :                         1 - |  LOOP :                        810A C |
*MACEXP :                         7 - |  MAIN :                        8103 C |
 MAIN1 :                       8107 C | *MOMCPU :                        80 - |
*MOMCPUNAME :                   Z80 - |  MUSIC :                       9000 - |
*NESTMAX :                      100 - |  NEXT :                        8131 C |
 OPM_ADDR :                      40 - |  OPM_DATA :                      41 - |
*PACKING :                        0 - | *PADDING :                        1 - |
 PLAY :                        8136 C | *RELAXED :                        0 - |
*TIME :                          15\-26\-10\-1223\-27\-12\-1257\-25\-89\-11 - |
*TRUE :                           1 - | *VERSION :                     142F - |
 WAIT :                        8178 C |  WAIT1 :                       814B C |
 WAIT1MS :                     8181 C |  WAIT1MSLOOP :                 8184 C |
 WAIT2 :                       8155 C |  WAIT3 :                       815E C |
 WAIT4 :                       816C C |  WRITEOPN :                    813A C |

     47 symbols
     29 unused symbols

 AS V1.42 Beta [Bld 137] - source file KZ80_YM2151.ASM - page 4 - 2019/04/28 15時23分57秒


  codepages:
  ----------

STANDARD (0 changed characters)


0.01 seconds assembly time

    113 lines source file
      2 passes
      0 errors
      0 warnings
